
Hexadecimal

Area                               Addr   Size   Decimal Bytes (Attributes)
--------------------------------   ----   ----   ------- ----- ------------
CABS                               0000   0000 =      0. bytes (ABS,CON,CODE)

      Value  Global
   --------  --------------------------------
  0C:0000    l_CABS
  0C:0000    l_GSINIT1
  0C:0000    l_GSINIT5
  0C:0000    l_IABS
  0C:0000    l_PSEG
  0C:0000    l_REG_BANK_1
  0C:0000    l_REG_BANK_2
  0C:0000    l_REG_BANK_3
  0C:0000    l_RSEG
  0C:0000    l_XABS
  0C:0000    l_XINIT
  0C:0000    l_XISEG
  0C:0000    l__CODE
  0C:0000    s_BSEG
  0C:0000    s_CABS
  0C:0000    s_DSEG
  0C:0000    s_HOME
  0C:0000    s_IABS
  0C:0000    s_ISEG
  0C:0000    s_REG_BANK_0
  0C:0000    s_XABS
  0C:0001    l_BIT_BANK
  0C:0001    l_BSEG
  0C:0001    l_BSEG_BYTES
  0C:0003    l_GSFINAL
  0C:0003    l_GSINIT0
  0C:0008    l_OSEG
  0C:0008    l_REG_BANK_0
  0C:0008    s_REG_BANK_1
  0C:000A    l_GSINIT2
  0C:0010    s_OSEG
  0C:0010    s_REG_BANK_2
  0C:0015    l_ISEG
  0C:0018    s_REG_BANK_3
  0C:0020    s_BSEG_BYTES
  0C:0020    s__CODE
  0C:0021    s_BIT_BANK
  0C:0022    l_GSINIT3
  0C:002A    l_GSINIT4
  0C:004B    s_RSEG
  0C:004B    s_SSEG
  0C:0053    l_GSINIT
  0C:006D    l_HOME
  0C:006D    s_GSINIT0
  0C:0070    s_GSINIT1
  0C:0070    s_GSINIT2
  0C:0079    l_DSEG
  0C:007A    s_GSINIT3
  0C:009C    s_GSINIT4
  0C:00B5    l_SSEG
  0C:00C6    s_GSINIT
  0C:00C6    s_GSINIT5
  0C:0100    l_IRAM
  0C:0119    s_GSFINAL
  0C:011C    s_CSEG
  0C:01CA    l_XSEG
  0C:022B    l_CONST
  0C:38F2    l_CSEG
  0C:3A0E    s_CONST
  0C:3C39    s_XINIT
  0C:8000    s_PSEG
  0C:8000    s_XSEG
  0C:81CA    s_XISEG



Hexadecimal

Area                               Addr   Size   Decimal Bytes (Attributes)
--------------------------------   ----   ----   ------- ----- ------------
.  .ABS.                           0000   0000 =      0. bytes (ABS,CON)

      Value  Global
   --------  --------------------------------
     FFFFC3C2    _CC1
     FFFFC5C4    _CC2
     FFFFC7C6    _CC3
     FFFFCBCA    _CRC
     FFFFCDCC    _T2
     0080    _P0
     0080    _P00
     0081    _P01
     0081    _SP
     0082    _DPL
     0082    _P02
     0083    _DPH
     0083    _MCSN
     0083    _P03
     0083    _SCSN
     0084    _DPL1
     0084    _P04
     0085    _DPH1
     0085    _P05
     0087    _PCON
     0088    _IT0
     0088    _TCON
     0089    _IE0
     0089    _TMOD
     008A    _IT1
     008A    _TL0
     008B    _IE1
     008B    _TL1
     008C    _TH0
     008C    _TR0
     008D    _TF0
     008D    _TH1
     008E    _CKCON
     008E    _TR1
     008F    _TF1
     0090    _RFCE
     0090    _RFCON
     0091    _RFCSN
     0092    _DPS
     0092    _RFCKEN
     0094    _P0DIR
     0095    _P0ALT
     0098    _RI0
     0098    _S0CON
     0099    _S0BUF
     0099    _TI0
     009A    _IEN2
     009A    _RB80
     009B    _TB80
     009C    _REN0
     009D    _SM20
     009E    _SM1
     009F    _SM0
     00A0    _IV0
     00A0    _USBCON
     00A0    __XPAGE
     00A1    _IV1
     00A2    _IV2
     00A3    _CLKCTL
     00A3    _IV3
     00A4    _IV4
     00A4    _PWRDWN
     00A5    _SUSPEND
     00A5    _WUCONF
     00A6    _INTEXP
     00A6    _WU
     00A7    _SWRST
     00A8    _EX0
     00A8    _IEN0
     00A9    _ET0
     00A9    _IP0
     00AA    _EX1
     00AA    _S0RELL
     00AB    _ET1
     00AB    _REGXH
     00AC    _ES0
     00AC    _REGXL
     00AD    _ET2
     00AD    _REGXC
     00AF    _EA
     00B1    _RSTRES
     00B2    _SMDAT
     00B3    _SMCTL
     00B5    _TICKDV
     00B8    _IEN1
     00B8    _RFSPI
     00B9    _IP1
     00B9    _RF
     00BA    _S0RELH
     00BA    _SPI
     00BB    _USBWU
     00BC    _SSCONF
     00BC    _USB
     00BD    _SSDATA
     00BD    _WUIRQ
     00BE    _SSSTAT
     00BF    _EXEN2
     00C0    _IRCON
     00C0    _RFSPIF
     00C1    _CCEN
     00C1    _RFF
     00C2    _CCL1
     00C2    _SPIF
     00C3    _CCH1
     00C3    _USBWUF
     00C4    _CCL2
     00C4    _USBF
     00C5    _CCH2
     00C5    _WUF
     00C6    _CCL3
     00C6    _TF2
     00C7    _CCH3
     00C7    _EXF2
     00C8    _T2CON
     00C8    _T2I0
     00C9    _P0EXP
     00C9    _T2I1
     00CA    _CRCL
     00CA    _T2CM
     00CB    _CRCH
     00CB    _T2R0
     00CC    _T2R1
     00CC    _TL2
     00CD    _I2FR
     00CD    _TH2
     00CE    _I3FR
     00CF    _T2PS
     00D0    _P
     00D0    _PSW
     00D1    _F1
     00D2    _OV
     00D3    _RS0
     00D4    _RS1
     00D5    _F0
     00D6    _AC
     00D7    _CY
     00D8    _WDCON
     00D9    _USBSLP
     00DF    _BD
     00E0    _ACC
     00E5    _RFDAT
     00E6    _RFCTL
     00E8    _AESCS
     00E8    _GO
     00E9    _DECR
     00E9    _MD0
     00EA    _MD1
     00EB    _MD2
     00EC    _MD3
     00ED    _MD4
     00EE    _MD5
     00EF    _ARCON
     00F0    _B
     00F1    _AESKIN
     00F2    _AESIV
     00F3    _AESD
     00F5    _AESIA1
     00F5    _B_5
     00F6    _AESIA2
     00F6    _B_6
     00F7    _B_7
     00F8    _FSR
     00F8    _WPEN
     00F9    _FPCR
     00F9    _RDEND
     00FA    _FCR
     00FA    _RDIS
     00FB    _INFEN
     00FC    _RDYN
     00FD    _WEN
     00FE    _STP
     00FF    _MCDIS









Hexadecimal

Area                               Addr   Size   Decimal Bytes (Attributes)
--------------------------------   ----   ----   ------- ----- ------------
DSEG                               0000   0079 =    121. bytes (REL,CON)

      Value  Global
   --------  --------------------------------
     000F    _bp

Hexadecimal

Area                               Addr   Size   Decimal Bytes (Attributes)
--------------------------------   ----   ----   ------- ----- ------------
OSEG                               0010   0008 =      8. bytes (REL,OVR)

      Value  Global
   --------  --------------------------------
     0010    _array_cp_sloc0_1_0
     0010    _hal_usb_send_data_sloc0_1_0
     0010    _packetizer_isr_ep0_in_sloc0_1_0
     0010    _usb_process_get_status_sloc0_1_0
     0011    _hal_usb_send_data_sloc1_1_0
     0012    _array_cp_sloc1_1_0
     0013    _hal_usb_send_data_sloc2_1_0
     0015    _array_cp_sloc2_1_0

Hexadecimal

Area                               Addr   Size   Decimal Bytes (Attributes)
--------------------------------   ----   ----   ------- ----- ------------
ISEG                               0000   0015 =     21. bytes (REL,CON)

      Value  Global
   --------  --------------------------------
     0037    _rf_cfg_data
     004A    _cfg

Hexadecimal

Area                               Addr   Size   Decimal Bytes (Attributes)
--------------------------------   ----   ----   ------- ----- ------------
SSEG                               004B   00B5 =    181. bytes (REL,OVR)

      Value  Global
   --------  --------------------------------
     004B    __start__stack



Hexadecimal

Area                               Addr   Size   Decimal Bytes (Attributes)
--------------------------------   ----   ----   ------- ----- ------------
XSEG                               8000   01CA =    458. bytes (REL,CON,XDATA)

      Value  Global
   --------  --------------------------------
  0D:8000    _epl_rf_en_init_PARM_2
  0D:8001    _epl_rf_en_init_PARM_3
  0D:8002    _epl_rf_en_init_PARM_4
  0D:8003    _epl_rf_en_init_PARM_5
  0D:8005    _epl_rf_en_init_PARM_6
  0D:8006    _epl_rf_en_init_PARM_7
  0D:8007    _epl_rf_en_init_PARM_8
  0D:8008    _epl_rf_en_init_PARM_9
  0D:800A    _epl_rf_en_rcv_pipe_config_PARM_2
  0D:800D    _epl_rf_en_rcv_pipe_config_PARM_3
  0D:800E    _epl_rf_en_rcv_pipe_config_PARM_4
  0D:8010    _epl_rf_en_easy_start_tx_PARM_2
  0D:8011    _epl_rf_en_easy_start_tx_PARM_3
  0D:8019    _epl_rf_en_easy_start_rx_PARM_2
  0D:801A    _epl_rf_en_easy_start_rx_PARM_3
  0D:8027    _epl_rf_en_send_dst_PARM_2
  0D:802A    _epl_rf_en_send_dst_PARM_3
  0D:802E    _epl_rf_en_send_PARM_2
  0D:8038    _ubuf
  0D:8079    _usize
  0D:807A    _packet
  0D:80D2    _array_cp_PARM_2
  0D:80D5    _array_cp_PARM_3
  0D:80DA    _ep1_sent
  0D:80DB    _ep1_receive
  0D:80DC    _usb_state
  0D:80DE    _usb_send_packet_PARM_2
  0D:80E2    _hal_nrf_set_irq_mode_PARM_2
  0D:80E7    _hal_nrf_open_pipe_PARM_2
  0D:80EA    _hal_nrf_set_address_PARM_2
  0D:80EE    _hal_nrf_set_auto_retr_PARM_2
  0D:80F2    _hal_nrf_set_rx_pload_width_PARM_2
  0D:80F5    _hal_nrf_get_address_PARM_2
  0D:80FF    _hal_nrf_write_tx_pload_PARM_2
  0D:8104    _hal_nrf_write_ack_pload_PARM_2
  0D:8107    _hal_nrf_write_ack_pload_PARM_3
  0D:810F    _hal_nrf_write_reg_PARM_2
  0D:8112    _hal_nrf_read_multibyte_reg_PARM_2
  0D:8118    _hal_nrf_write_multibyte_reg_PARM_2
  0D:811B    _hal_nrf_write_multibyte_reg_PARM_3
  0D:811D    __divuint_PARM_2
  0D:8130    _i_usb
  0D:8159    _g_hal_usb
  0D:8172    _hal_usb_init_PARM_2
  0D:8174    _hal_usb_init_PARM_3
  0D:8176    _hal_usb_init_PARM_4
  0D:8178    _hal_usb_init_PARM_5
  0D:817B    _hal_usb_endpoint_stall_PARM_2
  0D:8180    _hal_usb_endpoint_config_PARM_2
  0D:8181    _hal_usb_endpoint_config_PARM_3
  0D:8184    _hal_usb_send_data_PARM_2
  0D:8187    _hal_usb_send_data_PARM_3
  0D:8189    _packetize_PARM_2
  0D:818A    _packetize_PARM_3
  0D:818E    _usb_process_dev_req_cb_response_PARM_2
  0D:8191    _usb_process_dev_req_cb_response_PARM_3
  0D:8194    _usb_process_dev_req_cb_response_PARM_4
  0D:81B0    _usb_process_ep_response_PARM_2
  0D:81B3    _usb_process_ep_response_PARM_3
  0D:81BE    __gptrput_PARM_2
  0D:81C1    __moduint_PARM_2
  0D:81C6    __divsint_PARM_2


Hexadecimal

Area                               Addr   Size   Decimal Bytes (Attributes)
--------------------------------   ----   ----   ------- ----- ------------
HOME                               0000   006D =    109. bytes (REL,CON,CODE)

      Value  Global
   --------  --------------------------------
  0C:0066    __sdcc_program_startup
  0C:006B    __sdcc_call_dptr

Hexadecimal

Area                               Addr   Size   Decimal Bytes (Attributes)
--------------------------------   ----   ----   ------- ----- ------------
GSINIT0                            006D   0003 =      3. bytes (REL,CON,CODE)

      Value  Global
   --------  --------------------------------
  0C:006D    __sdcc_gsinit_startup



Hexadecimal

Area                               Addr   Size   Decimal Bytes (Attributes)
--------------------------------   ----   ----   ------- ----- ------------
GSINIT3                            007A   0022 =     34. bytes (REL,CON,CODE)

      Value  Global
   --------  --------------------------------
  0C:007A    __mcs51_genXINIT

Hexadecimal

Area                               Addr   Size   Decimal Bytes (Attributes)
--------------------------------   ----   ----   ------- ----- ------------
GSINIT4                            009C   002A =     42. bytes (REL,CON,CODE)

      Value  Global
   --------  --------------------------------
  0C:009C    __mcs51_genRAMCLEAR
  0C:00A2    __mcs51_genXRAMCLEAR




Hexadecimal

Area                               Addr   Size   Decimal Bytes (Attributes)
--------------------------------   ----   ----   ------- ----- ------------
CSEG                               011C   38F2 =  14578. bytes (REL,CON,CODE)

      Value  Global
   --------  --------------------------------
  0C:011C    _epl_rf_en_init
  0C:0195    _epl_rf_en_rcv_pipe_config
  0C:01DD    _epl_rf_en_easy_start_tx
  0C:0279    _epl_rf_en_easy_start_rx
  0C:02FE    _epl_rf_en_quick_init
  0C:0438    _epl_rf_en_enter_tx_mode
  0C:0440    _epl_rf_en_enter_rx_mode
  0C:0448    _epl_rf_en_set_dst_addr
  0C:0474    _epl_rf_en_send_dst
  0C:04CC    _epl_rf_en_send
  0C:0508    _epl_rf_en_rx_pload_is_empty
  0C:0518    _epl_rf_en_read_rx_pload
  0C:053C    _epl_rf_en_wait_rcv_msg
  0C:056A    _main
  0C:114F    _array_cp
  0C:11D7    _usb_init
  0C:1241    _usb_wakeup
  0C:124A    _usb_get_state
  0C:1251    _usb_wait_for_configuration
  0C:1289    _usb_send_packet
  0C:12CB    _usb_recv_packet
  0C:1397    _hal_nrf_set_irq_mode
  0C:13EF    _hal_nrf_get_clear_irq_flags
  0C:1402    _hal_nrf_clear_irq_flag
  0C:142D    _hal_nrf_get_irq_mode
  0C:1459    _hal_nrf_get_irq_flags
  0C:1463    _hal_nrf_set_crc_mode
  0C:1487    _hal_nrf_open_pipe
  0C:153E    _hal_nrf_close_pipe
  0C:15BE    _hal_nrf_set_address
  0C:1632    _hal_nrf_set_auto_retr
  0C:1667    _hal_nrf_set_address_width
  0C:167F    _hal_nrf_set_rx_pload_width
  0C:169B    _hal_nrf_get_crc_mode
  0C:16AC    _hal_nrf_get_pipe_status
  0C:1706    _hal_nrf_get_address
  0C:1769    _hal_nrf_get_auto_retr_status
  0C:176F    _hal_nrf_get_packet_lost_ctr
  0C:177F    _hal_nrf_get_address_width
  0C:178C    _hal_nrf_get_rx_pload_width
  0C:179F    _hal_nrf_set_operation_mode
  0C:17D9    _hal_nrf_set_power_mode
  0C:1813    _hal_nrf_set_rf_channel
  0C:1827    _hal_nrf_set_output_power
  0C:1849    _hal_nrf_set_datarate
  0C:1882    _hal_nrf_get_operation_mode
  0C:188F    _hal_nrf_get_power_mode
  0C:189E    _hal_nrf_get_rf_channel
  0C:18A4    _hal_nrf_get_output_power
  0C:18B3    _hal_nrf_get_datarate
  0C:18C4    _hal_nrf_rx_fifo_empty
  0C:18D4    _hal_nrf_rx_fifo_full
  0C:18E3    _hal_nrf_tx_fifo_empty
  0C:18F1    _hal_nrf_tx_fifo_full
  0C:1900    _hal_nrf_get_tx_fifo_status
  0C:1910    _hal_nrf_get_rx_fifo_status
  0C:191D    _hal_nrf_get_fifo_status
  0C:1923    _hal_nrf_get_transmit_attempts
  0C:1930    _hal_nrf_get_carrier_detect
  0C:193D    _hal_nrf_write_tx_pload
  0C:1973    _hal_nrf_setup_dyn_pl
  0C:198B    _hal_nrf_enable_dynamic_pl
  0C:19A3    _hal_nrf_disable_dynamic_pl
  0C:19B7    _hal_nrf_enable_ack_pl
  0C:19CF    _hal_nrf_disable_ack_pl
  0C:19E3    _hal_nrf_enable_dynamic_ack
  0C:19FB    _hal_nrf_disable_dynamic_ack
  0C:1A0F    _hal_nrf_write_ack_pload
  0C:1A63    _hal_nrf_read_rx_pl_w
  0C:1A78    _hal_nrf_lock_unlock
  0C:1A89    _hal_nrf_get_rx_data_source
  0C:1A95    _hal_nrf_read_rx_pload
  0C:1AC1    _hal_nrf_reuse_tx
  0C:1ACC    _hal_nrf_get_reuse_tx_status
  0C:1ADA    _hal_nrf_flush_rx
  0C:1AE5    _hal_nrf_flush_tx
  0C:1AF0    _hal_nrf_nop
  0C:1AFB    _hal_nrf_set_pll_mode
  0C:1B35    _hal_nrf_get_pll_mode
  0C:1B45    _hal_nrf_set_lna_gain
  0C:1B7F    _hal_nrf_get_lna_gain
  0C:1B8C    _hal_nrf_read_reg
  0C:1BAA    _hal_nrf_write_reg
  0C:1C17    _hal_nrf_read_multibyte_reg
  0C:1CE5    _hal_nrf_write_multibyte_reg
  0C:1D62    __divuint
  0C:1DFC    _hal_nrf_rw
  0C:1E11    _epl_uart_init
  0C:1E82    _epl_uart_putchar
  0C:1E94    _epl_uart_putstr
  0C:1EEA    _epl_uart_getchar
  0C:1EF9    _epl_uart_putint
  0C:1F5F    _epl_uart_puthex
  0C:1FC6    _hal_usb_init
  0C:21BA    _hal_usb_endpoint_stall
  0C:2264    _hal_usb_get_address
  0C:227A    _hal_usb_endpoint_config
  0C:2420    _hal_usb_wakeup
  0C:2438    _hal_usb_reset
  0C:243B    _hal_usb_get_state
  0C:2442    _hal_usb_send_data
  0C:24D1    _hal_usb_bus_disconnect
  0C:24F1    _hal_usb_bus_connect
  0C:2511    _hal_usb_sleep
  0C:334E    _usb_wu
  0C:34CA    _usb_irq
  0C:386F    __gptrput
  0C:3888    _mdelay
  0C:38BB    _eco_dev_led_init
  0C:38C5    _eco_dev_blink_led
  0C:38C9    __moduint
  0C:3976    __divsint
  0C:39EE    __gptrget
  0C:3A0A    __sdcc_external_startup

Hexadecimal

Area                               Addr   Size   Decimal Bytes (Attributes)
--------------------------------   ----   ----   ------- ----- ------------
CONST                              3A0E   022B =    555. bytes (REL,CON,CODE)

      Value  Global
   --------  --------------------------------
  0C:3BA4    _g_usb_dev_desc
  0C:3BB6    _g_usb_conf_desc
  0C:3BD6    _g_usb_string_desc_1
  0C:3C00    _g_usb_string_desc_2
  0C:3C1A    _g_usb_string_desc

ASxxxx Linker V01.75 + NoICE + SDCC Feb 1999,  page 1.

Files Linked      [ module(s) ]

./epl_rf_en.rel 
./main.rel      
./usb_api.rel   
./usb_standard_desc.rel

Libraries Linked            [   object  file   ]

C:\Program Files\EPL_LIB\LU1_LIB\lib/ECO_LU1_large.lib    [      hal_nrf_l01 ]
C:\Program Files\SDCC\bin\..\lib\large/libint.lib    [     _divuint.rel ]
C:\Program Files\EPL_LIB\LU1_LIB\lib/ECO_LU1_large.lib    [       hal_nrf_hw ]
C:\Program Files\SDCC\bin\..\lib\large/mcs51.lib    [     crtclear.rel ]
C:\Program Files\SDCC\bin\..\lib\large/mcs51.lib    [     crtxinit.rel ]
C:\Program Files\EPL_LIB\LU1_LIB\lib/ECO_LU1_large.lib    [         epl_uart ]
C:\Program Files\EPL_LIB\LU1_LIB\lib/ECO_LU1_large.lib    [          hal_usb ]
C:\Program Files\SDCC\bin\..\lib\large/libsdcc.lib    [     _gptrput.rel ]
C:\Program Files\EPL_LIB\LU1_LIB\lib/ECO_LU1_large.lib    [        epl_utils ]
C:\Program Files\SDCC\bin\..\lib\large/libint.lib    [     _moduint.rel ]
C:\Program Files\SDCC\bin\..\lib\large/libint.lib    [     _divsint.rel ]
C:\Program Files\SDCC\bin\..\lib\large/mcs51.lib    [    crtxclear.rel ]
C:\Program Files\SDCC\bin\..\lib\large/mcs51.lib    [      crtcall.rel ]
C:\Program Files\SDCC\bin\..\lib\large/libsdcc.lib    [          _bp.rel ]
C:\Program Files\SDCC\bin\..\lib\large/mcs51.lib    [   crtpagesfr.rel ]
C:\Program Files\SDCC\bin\..\lib\large/mcs51.lib    [     crtstart.rel ]
C:\Program Files\SDCC\bin\..\lib\large/libsdcc.lib    [     _gptrget.rel ]
C:\Program Files\SDCC\bin\..\lib\large/libsdcc.lib    [     _startup.rel ]

ASxxxx Linker V01.75 + NoICE + SDCC Feb 1999,  page 2.

User Base Address Definitions

HOME = 0x0000
XSEG = 0x8000
PSEG = 0x8000
ISEG = 0x0000
BSEG = 0x0000

